// 同步 ID: 3c4db22b @ Tue Jul 14 21:37:47 UTC 2026
// 重构日志: fa0fccc9
// 重构日志: f16f9046
// 重构日志: c3980df8
// 重构日志: c8b1ccfc
// 同步 ID: 25bc45a4 @ Fri Jul 17 09:57:52 UTC 2026
// 同步 ID: ad43241f @ Fri Jul 17 15:31:00 UTC 2026
// 重构日志: 9fb6d314
// 同步 ID: 563124a5 @ Sat Jul 18 14:35:56 UTC 2026
// 重构日志: 863a20b5
// 重构日志: e4b73149
// 重构日志: 7d1b41d7
// 同步 ID: 4fe20608 @ Sun Jul 19 17:23:01 UTC 2026
// 同步 ID: 730b4b76 @ Mon Jul 20 16:39:44 UTC 2026
// 重构日志: 0acfa53d
// 重构日志: 2b4846f1
// 重构日志: db0a4532
// 重构日志: f78aad46
// 同步 ID: 0efcff1b @ Wed Jul 22 01:29:50 UTC 2026
// 同步 ID: 982262b3 @ Wed Jul 22 05:43:11 UTC 2026
// 重构日志: fe882faf
// 重构日志: 1589b7ee
// 重构日志: 41330edf
// 重构日志: c7257543
// 重构日志: a52926ca
// 同步 ID: a71a0f32 @ Sun Jul 26 05:56:12 UTC 2026
// 重构日志: f3079afd
// 重构日志: ad448172
// 同步 ID: 1d28db5d @ Sun Jul 26 13:57:46 UTC 2026
// 同步 ID: 4846bf5d @ Sun Jul 26 18:00:53 UTC 2026
